******************************************************************************
             TMS320C2000 Linker PC v6.2.0                      
******************************************************************************
>> Linked Tue May 17 16:45:50 2016

OUTPUT FILE NAME:   <CAN na nowy4.out>
ENTRY POINT SYMBOL: "_c_int00"  address: 003f84b5


MEMORY CONFIGURATION

         name            origin    length      used     unused   attr    fill
----------------------  --------  ---------  --------  --------  ----  --------
PAGE 0:
  RAMM0                 00000000   00000400  00000000  00000400  RWIX
  BEGIN                 003f8000   00000002  00000000  00000002  RWIX
  PRAMH0                003f8002   00000ffe  00000607  000009f7  RWIX
  RESET                 003fffc0   00000002  00000000  00000002  RWIX

PAGE 1:
  RAMM1                 00000400   00000400  00000400  00000000  RWIX
  DEV_EMU               00000880   00000180  000000d2  000000ae  RWIX
  FLASH_REGS            00000a80   00000060  00000008  00000058  RWIX
  CSM                   00000ae0   00000010  00000010  00000000  RWIX
  XINTF                 00000b20   00000020  00000020  00000000  RWIX
  CPU_TIMER0            00000c00   00000008  00000008  00000000  RWIX
  PIE_CTRL              00000ce0   00000020  0000001a  00000006  RWIX
  PIE_VECT              00000d00   00000100  00000100  00000000  RWIX
  ECANA                 00006000   00000040  00000034  0000000c  RWIX
  ECANA_LAM             00006040   00000040  00000040  00000000  RWIX
  ECANA_MOTS            00006080   00000040  00000040  00000000  RWIX
  ECANA_MOTO            000060c0   00000040  00000040  00000000  RWIX
  ECANA_MBOX            00006100   00000100  00000100  00000000  RWIX
  SYSTEM                00007010   00000020  00000020  00000000  RWIX
  SPIA                  00007040   00000010  00000010  00000000  RWIX
  SCIA                  00007050   00000010  00000010  00000000  RWIX
  XINTRUPT              00007070   00000010  00000010  00000000  RWIX
  GPIOMUX               000070c0   00000020  00000020  00000000  RWIX
  GPIODAT               000070e0   00000020  00000020  00000000  RWIX
  ADC                   00007100   00000020  0000001a  00000006  RWIX
  EVA                   00007400   00000040  00000032  0000000e  RWIX
  EVB                   00007500   00000040  00000032  0000000e  RWIX
  SCIB                  00007750   00000010  00000010  00000000  RWIX
  MCBSPA                00007800   00000040  00000025  0000001b  RWIX
  CSM_PWL               003f7ff8   00000008  00000008  00000000  RWIX
  DRAMH0                003f9000   00001000  00000148  00000eb8  RWIX


SECTION ALLOCATION MAP

 output                                  attributes/
section   page    origin      length       input sections
--------  ----  ----------  ----------   ----------------
.pinit     0    003f8002    00000000     UNINITIALIZED

.text      0    003f8002    000005da     
                  003f8002    000001b3     CANmain.obj (.text)
                  003f81b5    0000014f     DSP281x_DefaultIsr.obj (.text:retain)
                  003f8304    0000006c     DSP281x_ECan.obj (.text)
                  003f8370    0000005a     rts2800_ml.lib : fs_mpy.obj (.text)
                  003f83ca    00000051     DSP281x_SysCtrl.obj (.text)
                  003f841b    00000051     CANmain.obj (.text:retain)
                  003f846c    00000049     DSP281x_CpuTimers.obj (.text)
                  003f84b5    00000044     rts2800_ml.lib : boot.obj (.text)
                  003f84f9    00000029                    : fs_tol.obj (.text)
                  003f8522    00000028     DSP281x_PieCtrl.obj (.text)
                  003f854a    00000020     DSP281x_PieVect.obj (.text)
                  003f856a    00000019     rts2800_ml.lib : args_main.obj (.text)
                  003f8583    00000019                    : exit.obj (.text)
                  003f859c    00000015     DSP281x_MemCopy.obj (.text)
                  003f85b1    0000000f     DSP281x_InitPeripherals.obj (.text)
                  003f85c0    0000000d     DSP281x_Gpio.obj (.text)
                  003f85cd    00000009     rts2800_ml.lib : _lock.obj (.text)
                  003f85d6    00000001     DSP281x_Ev.obj (.text)
                  003f85d7    00000001     DSP281x_Mcbsp.obj (.text)
                  003f85d8    00000001     DSP281x_Sci.obj (.text)
                  003f85d9    00000001     DSP281x_Spi.obj (.text)
                  003f85da    00000001     DSP281x_XIntrupt.obj (.text)
                  003f85db    00000001     DSP281x_Xintf.obj (.text)

ramfuncs   0    003f85dc    00000017     
                  003f85dc    00000017     DSP281x_SysCtrl.obj (ramfuncs)

.cinit     0    003f85f3    00000016     
                  003f85f3    0000000a     rts2800_ml.lib : _lock.obj (.cinit)
                  003f85fd    0000000a                    : exit.obj (.cinit)
                  003f8607    00000002     --HOLE-- [fill = 0]

.reset     0    003fffc0    00000002     DSECT
                  003fffc0    00000002     rts2800_ml.lib : boot.obj (.reset)

.stack     1    00000400    00000400     UNINITIALIZED
                  00000400    00000400     --HOLE--

DevEmuRegsFile 
*          1    00000880    000000d2     UNINITIALIZED
                  00000880    000000d2     DSP281x_GlobalVariableDefs.obj (DevEmuRegsFile)

FlashRegsFile 
*          1    00000a80    00000008     UNINITIALIZED
                  00000a80    00000008     DSP281x_GlobalVariableDefs.obj (FlashRegsFile)

CsmRegsFile 
*          1    00000ae0    00000010     UNINITIALIZED
                  00000ae0    00000010     DSP281x_GlobalVariableDefs.obj (CsmRegsFile)

XintfRegsFile 
*          1    00000b20    00000020     UNINITIALIZED
                  00000b20    00000020     DSP281x_GlobalVariableDefs.obj (XintfRegsFile)

CpuTimer0RegsFile 
*          1    00000c00    00000008     UNINITIALIZED
                  00000c00    00000008     DSP281x_GlobalVariableDefs.obj (CpuTimer0RegsFile)

PieCtrlRegsFile 
*          1    00000ce0    0000001a     UNINITIALIZED
                  00000ce0    0000001a     DSP281x_GlobalVariableDefs.obj (PieCtrlRegsFile)

PieVectTableFile 
*          1    00000d00    00000100     UNINITIALIZED
                  00000d00    00000100     DSP281x_GlobalVariableDefs.obj (PieVectTableFile)

ECanaRegsFile 
*          1    00006000    00000034     UNINITIALIZED
                  00006000    00000034     DSP281x_GlobalVariableDefs.obj (ECanaRegsFile)

ECanaLAMRegsFile 
*          1    00006040    00000040     UNINITIALIZED
                  00006040    00000040     DSP281x_GlobalVariableDefs.obj (ECanaLAMRegsFile)

ECanaMOTSRegsFile 
*          1    00006080    00000040     UNINITIALIZED
                  00006080    00000040     DSP281x_GlobalVariableDefs.obj (ECanaMOTSRegsFile)

ECanaMOTORegsFile 
*          1    000060c0    00000040     UNINITIALIZED
                  000060c0    00000040     DSP281x_GlobalVariableDefs.obj (ECanaMOTORegsFile)

ECanaMboxesFile 
*          1    00006100    00000100     UNINITIALIZED
                  00006100    00000100     DSP281x_GlobalVariableDefs.obj (ECanaMboxesFile)

SysCtrlRegsFile 
*          1    00007010    00000020     UNINITIALIZED
                  00007010    00000020     DSP281x_GlobalVariableDefs.obj (SysCtrlRegsFile)

SpiaRegsFile 
*          1    00007040    00000010     UNINITIALIZED
                  00007040    00000010     DSP281x_GlobalVariableDefs.obj (SpiaRegsFile)

SciaRegsFile 
*          1    00007050    00000010     UNINITIALIZED
                  00007050    00000010     DSP281x_GlobalVariableDefs.obj (SciaRegsFile)

XIntruptRegsFile 
*          1    00007070    00000010     UNINITIALIZED
                  00007070    00000010     DSP281x_GlobalVariableDefs.obj (XIntruptRegsFile)

GpioMuxRegsFile 
*          1    000070c0    00000020     UNINITIALIZED
                  000070c0    00000020     DSP281x_GlobalVariableDefs.obj (GpioMuxRegsFile)

GpioDataRegsFile 
*          1    000070e0    00000020     UNINITIALIZED
                  000070e0    00000020     DSP281x_GlobalVariableDefs.obj (GpioDataRegsFile)

AdcRegsFile 
*          1    00007100    0000001a     UNINITIALIZED
                  00007100    0000001a     DSP281x_GlobalVariableDefs.obj (AdcRegsFile)

EvaRegsFile 
*          1    00007400    00000032     UNINITIALIZED
                  00007400    00000032     DSP281x_GlobalVariableDefs.obj (EvaRegsFile)

EvbRegsFile 
*          1    00007500    00000032     UNINITIALIZED
                  00007500    00000032     DSP281x_GlobalVariableDefs.obj (EvbRegsFile)

ScibRegsFile 
*          1    00007750    00000010     UNINITIALIZED
                  00007750    00000010     DSP281x_GlobalVariableDefs.obj (ScibRegsFile)

McbspaRegsFile 
*          1    00007800    00000025     UNINITIALIZED
                  00007800    00000025     DSP281x_GlobalVariableDefs.obj (McbspaRegsFile)

CsmPwlFile 
*          1    003f7ff8    00000008     UNINITIALIZED
                  003f7ff8    00000008     DSP281x_GlobalVariableDefs.obj (CsmPwlFile)

.econst    1    003f9000    00000100     
                  003f9000    00000100     DSP281x_PieVect.obj (.econst)

.ebss      1    003f9100    00000048     UNINITIALIZED
                  003f9100    00000036     CANmain.obj (.ebss)
                  003f9136    00000008     DSP281x_CpuTimers.obj (.ebss)
                  003f913e    00000002     --HOLE--
                  003f9140    00000004     rts2800_ml.lib : _lock.obj (.ebss)
                  003f9144    00000004                    : exit.obj (.ebss)


GLOBAL DATA SYMBOLS: SORTED BY DATA PAGE

address     data page           name
--------    ----------------    ----
00000400      10 (00000400)     __stack

00000880      22 (00000880)     _DevEmuRegs

00000a80      2a (00000a80)     _FlashRegs

00000ae0      2b (00000ac0)     _CsmRegs

00000b20      2c (00000b00)     _XintfRegs

00000c00      30 (00000c00)     _CpuTimer0Regs

00000ce0      33 (00000cc0)     _PieCtrlRegs

00000d00      34 (00000d00)     _PieVectTable

00006000     180 (00006000)     _ECanaRegs

00006040     181 (00006040)     _ECanaLAMRegs

00006080     182 (00006080)     _ECanaMOTSRegs

000060c0     183 (000060c0)     _ECanaMOTORegs

00006100     184 (00006100)     _ECanaMboxes

00007010     1c0 (00007000)     _SysCtrlRegs

00007040     1c1 (00007040)     _SpiaRegs
00007050     1c1 (00007040)     _SciaRegs
00007070     1c1 (00007040)     _XIntruptRegs

000070c0     1c3 (000070c0)     _GpioMuxRegs
000070e0     1c3 (000070c0)     _GpioDataRegs

00007100     1c4 (00007100)     _AdcRegs

00007400     1d0 (00007400)     _EvaRegs

00007500     1d4 (00007500)     _EvbRegs

00007750     1dd (00007740)     _ScibRegs

00007800     1e0 (00007800)     _McbspaRegs

003f7ff8    fdff (003f7fc0)     _CsmPwl

003f9000    fe40 (003f9000)     _PieVectTableInit

003f9100    fe44 (003f9100)     _MBXnr
003f9136    fe44 (003f9100)     _CpuTimer0

003f9140    fe45 (003f9140)     __unlock
003f9142    fe45 (003f9140)     __lock
003f9144    fe45 (003f9140)     ___TI_cleanup_ptr
003f9146    fe45 (003f9140)     ___TI_dtors_ptr


GLOBAL SYMBOLS: SORTED ALPHABETICALLY BY Name 

address    name
--------   ----
003f8002   .text
003f8583   C$$EXIT
003f8370   FS$$MPY
003f84f9   FS$$TOL
003f8228   _ADCINT_ISR
00007100   _AdcRegs
003f826e   _CAPINT1_ISR
003f8273   _CAPINT2_ISR
003f8278   _CAPINT3_ISR
003f82b4   _CAPINT4_ISR
003f82b9   _CAPINT5_ISR
003f82be   _CAPINT6_ISR
003f8237   _CMP1INT_ISR
003f823c   _CMP2INT_ISR
003f8241   _CMP3INT_ISR
003f827d   _CMP4INT_ISR
003f8282   _CMP5INT_ISR
003f8287   _CMP6INT_ISR
003f8481   _ConfigCpuTimer
003f9136   _CpuTimer0
00000c00   _CpuTimer0Regs
003f7ff8   _CsmPwl
00000ae0   _CsmRegs
003f81bf   _DATALOG_ISR
00000880   _DevEmuRegs
003f83dc   _DisableDog
003f82eb   _ECAN0INTA_ISR
003f82f0   _ECAN1INTA_ISR
00006040   _ECanaLAMRegs
000060c0   _ECanaMOTORegs
00006080   _ECanaMOTSRegs
00006100   _ECanaMboxes
00006000   _ECanaRegs
003f82f5   _EMPTY_ISR
003f81c9   _EMUINT_ISR
003f8541   _EnableInterrupts
00007400   _EvaRegs
00007500   _EvbRegs
00000a80   _FlashRegs
000070e0   _GpioDataRegs
000070c0   _GpioMuxRegs
003f81a0   _Gpio_select
003f81d3   _ILLEGAL_ISR
003f81b5   _INT13_ISR
003f81ba   _INT14_ISR
003f846c   _InitCpuTimers
003f8304   _InitECan
003f85d6   _InitEv
003f85dc   _InitFlash
003f85c0   _InitGpio
003f85d7   _InitMcbsp
003f8401   _InitPeripheralClocks
003f85b1   _InitPeripherals
003f8522   _InitPieCtrl
003f854a   _InitPieVectTable
003f83e4   _InitPll
003f85d8   _InitSci
003f85d9   _InitSpi
003f83ca   _InitSysCtrl
003f85da   _InitXIntrupt
003f85db   _InitXintf
003f83d2   _KickDog
003f9100   _MBXnr
003f82cd   _MRINTA_ISR
003f82d2   _MXINTA_ISR
00007800   _McbspaRegs
003f859c   _MemCopy
003f81ce   _NMI_ISR
003f8214   _PDPINTA_ISR
003f8219   _PDPINTB_ISR
003f82fa   _PIE_RESERVED
00000ce0   _PieCtrlRegs
00000d00   _PieVectTable
003f9000   _PieVectTableInit
003f81c4   _RTOSINT_ISR
003f82d7   _SCIRXINTA_ISR
003f82e1   _SCIRXINTB_ISR
003f82dc   _SCITXINTA_ISR
003f82e6   _SCITXINTB_ISR
003f82c3   _SPIRXINTA_ISR
003f82c8   _SPITXINTA_ISR
00007050   _SciaRegs
00007750   _ScibRegs
00007040   _SpiaRegs
00007010   _SysCtrlRegs
003f824b   _T1CINT_ISR
003f8255   _T1OFINT_ISR
003f8246   _T1PINT_ISR
003f8250   _T1UFINT_ISR
003f825f   _T2CINT_ISR
003f8269   _T2OFINT_ISR
003f825a   _T2PINT_ISR
003f8264   _T2UFINT_ISR
003f8291   _T3CINT_ISR
003f829b   _T3OFINT_ISR
003f828c   _T3PINT_ISR
003f8296   _T3UFINT_ISR
003f82a5   _T4CINT_ISR
003f82af   _T4OFINT_ISR
003f82a0   _T4PINT_ISR
003f82aa   _T4UFINT_ISR
003f822d   _TINT0_ISR
003f8205   _USER10_ISR
003f820a   _USER11_ISR
003f820f   _USER12_ISR
003f81d8   _USER1_ISR
003f81dd   _USER2_ISR
003f81e2   _USER3_ISR
003f81e7   _USER4_ISR
003f81ec   _USER5_ISR
003f81f1   _USER6_ISR
003f81f6   _USER7_ISR
003f81fb   _USER8_ISR
003f8200   _USER9_ISR
003f8232   _WAKEINT_ISR
003f821e   _XINT1_ISR
003f8223   _XINT2_ISR
00007070   _XIntruptRegs
00000b20   _XintfRegs
00000800   __STACK_END
00000400   __STACK_SIZE
00000001   __TI_args_main
003f9144   ___TI_cleanup_ptr
003f9146   ___TI_dtors_ptr
ffffffff   ___binit__
ffffffff   ___c_args__
003f85f3   ___cinit__
003f85dc   ___etext__
ffffffff   ___pinit__
003f8002   ___text__
003f856a   __args_main
003f9142   __lock
003f85d5   __nop
003f85d1   __register_lock
003f85cd   __register_unlock
00000400   __stack
003f9140   __unlock
003f8583   _abort
003f84b5   _c_int00
003f845e   _cpu_timer0_isr
003f8585   _exit
003f8002   _main
003f8174   _migaj1p5hz
003f8151   _migaj3hz
003f841b   _przerwanie_CAN1
003f82ff   _rsvd_ISR
003f819b   _wylacz
ffffffff   binit
003f85f3   cinit
003f85dc   etext
ffffffff   pinit


GLOBAL SYMBOLS: SORTED BY Symbol Address 

address    name
--------   ----
00000001   __TI_args_main
00000400   __STACK_SIZE
00000400   __stack
00000800   __STACK_END
00000880   _DevEmuRegs
00000a80   _FlashRegs
00000ae0   _CsmRegs
00000b20   _XintfRegs
00000c00   _CpuTimer0Regs
00000ce0   _PieCtrlRegs
00000d00   _PieVectTable
00006000   _ECanaRegs
00006040   _ECanaLAMRegs
00006080   _ECanaMOTSRegs
000060c0   _ECanaMOTORegs
00006100   _ECanaMboxes
00007010   _SysCtrlRegs
00007040   _SpiaRegs
00007050   _SciaRegs
00007070   _XIntruptRegs
000070c0   _GpioMuxRegs
000070e0   _GpioDataRegs
00007100   _AdcRegs
00007400   _EvaRegs
00007500   _EvbRegs
00007750   _ScibRegs
00007800   _McbspaRegs
003f7ff8   _CsmPwl
003f8002   .text
003f8002   ___text__
003f8002   _main
003f8151   _migaj3hz
003f8174   _migaj1p5hz
003f819b   _wylacz
003f81a0   _Gpio_select
003f81b5   _INT13_ISR
003f81ba   _INT14_ISR
003f81bf   _DATALOG_ISR
003f81c4   _RTOSINT_ISR
003f81c9   _EMUINT_ISR
003f81ce   _NMI_ISR
003f81d3   _ILLEGAL_ISR
003f81d8   _USER1_ISR
003f81dd   _USER2_ISR
003f81e2   _USER3_ISR
003f81e7   _USER4_ISR
003f81ec   _USER5_ISR
003f81f1   _USER6_ISR
003f81f6   _USER7_ISR
003f81fb   _USER8_ISR
003f8200   _USER9_ISR
003f8205   _USER10_ISR
003f820a   _USER11_ISR
003f820f   _USER12_ISR
003f8214   _PDPINTA_ISR
003f8219   _PDPINTB_ISR
003f821e   _XINT1_ISR
003f8223   _XINT2_ISR
003f8228   _ADCINT_ISR
003f822d   _TINT0_ISR
003f8232   _WAKEINT_ISR
003f8237   _CMP1INT_ISR
003f823c   _CMP2INT_ISR
003f8241   _CMP3INT_ISR
003f8246   _T1PINT_ISR
003f824b   _T1CINT_ISR
003f8250   _T1UFINT_ISR
003f8255   _T1OFINT_ISR
003f825a   _T2PINT_ISR
003f825f   _T2CINT_ISR
003f8264   _T2UFINT_ISR
003f8269   _T2OFINT_ISR
003f826e   _CAPINT1_ISR
003f8273   _CAPINT2_ISR
003f8278   _CAPINT3_ISR
003f827d   _CMP4INT_ISR
003f8282   _CMP5INT_ISR
003f8287   _CMP6INT_ISR
003f828c   _T3PINT_ISR
003f8291   _T3CINT_ISR
003f8296   _T3UFINT_ISR
003f829b   _T3OFINT_ISR
003f82a0   _T4PINT_ISR
003f82a5   _T4CINT_ISR
003f82aa   _T4UFINT_ISR
003f82af   _T4OFINT_ISR
003f82b4   _CAPINT4_ISR
003f82b9   _CAPINT5_ISR
003f82be   _CAPINT6_ISR
003f82c3   _SPIRXINTA_ISR
003f82c8   _SPITXINTA_ISR
003f82cd   _MRINTA_ISR
003f82d2   _MXINTA_ISR
003f82d7   _SCIRXINTA_ISR
003f82dc   _SCITXINTA_ISR
003f82e1   _SCIRXINTB_ISR
003f82e6   _SCITXINTB_ISR
003f82eb   _ECAN0INTA_ISR
003f82f0   _ECAN1INTA_ISR
003f82f5   _EMPTY_ISR
003f82fa   _PIE_RESERVED
003f82ff   _rsvd_ISR
003f8304   _InitECan
003f8370   FS$$MPY
003f83ca   _InitSysCtrl
003f83d2   _KickDog
003f83dc   _DisableDog
003f83e4   _InitPll
003f8401   _InitPeripheralClocks
003f841b   _przerwanie_CAN1
003f845e   _cpu_timer0_isr
003f846c   _InitCpuTimers
003f8481   _ConfigCpuTimer
003f84b5   _c_int00
003f84f9   FS$$TOL
003f8522   _InitPieCtrl
003f8541   _EnableInterrupts
003f854a   _InitPieVectTable
003f856a   __args_main
003f8583   C$$EXIT
003f8583   _abort
003f8585   _exit
003f859c   _MemCopy
003f85b1   _InitPeripherals
003f85c0   _InitGpio
003f85cd   __register_unlock
003f85d1   __register_lock
003f85d5   __nop
003f85d6   _InitEv
003f85d7   _InitMcbsp
003f85d8   _InitSci
003f85d9   _InitSpi
003f85da   _InitXIntrupt
003f85db   _InitXintf
003f85dc   _InitFlash
003f85dc   ___etext__
003f85dc   etext
003f85f3   ___cinit__
003f85f3   cinit
003f9000   _PieVectTableInit
003f9100   _MBXnr
003f9136   _CpuTimer0
003f9140   __unlock
003f9142   __lock
003f9144   ___TI_cleanup_ptr
003f9146   ___TI_dtors_ptr
ffffffff   ___binit__
ffffffff   ___c_args__
ffffffff   ___pinit__
ffffffff   binit
ffffffff   pinit

[151 symbols]
