******************************************************************************
             TMS320C2000 Linker PC v6.2.0                      
******************************************************************************
>> Linked Tue May 17 00:41:29 2016

OUTPUT FILE NAME:   <nowyy4.out>
ENTRY POINT SYMBOL: "_c_int00"  address: 003f8280


MEMORY CONFIGURATION

         name            origin    length      used     unused   attr    fill
----------------------  --------  ---------  --------  --------  ----  --------
PAGE 0:
  RAMM0                 00000000   00000400  00000000  00000400  RWIX
  BEGIN                 003f8000   00000002  00000000  00000002  RWIX
  PRAMH0                003f8002   00000ffe  00000392  00000c6c  RWIX
  RESET                 003fffc0   00000002  00000000  00000002  RWIX

PAGE 1:
  RAMM1                 00000400   00000400  00000400  00000000  RWIX
  DEV_EMU               00000880   00000180  000000d2  000000ae  RWIX
  FLASH_REGS            00000a80   00000060  00000008  00000058  RWIX
  CSM                   00000ae0   00000010  00000010  00000000  RWIX
  XINTF                 00000b20   00000020  00000020  00000000  RWIX
  CPU_TIMER0            00000c00   00000008  00000008  00000000  RWIX
  PIE_CTRL              00000ce0   00000020  0000001a  00000006  RWIX
  PIE_VECT              00000d00   00000100  00000100  00000000  RWIX
  ECANA                 00006000   00000040  00000034  0000000c  RWIX
  ECANA_LAM             00006040   00000040  00000040  00000000  RWIX
  ECANA_MOTS            00006080   00000040  00000040  00000000  RWIX
  ECANA_MOTO            000060c0   00000040  00000040  00000000  RWIX
  ECANA_MBOX            00006100   00000100  00000100  00000000  RWIX
  SYSTEM                00007010   00000020  00000020  00000000  RWIX
  SPIA                  00007040   00000010  00000010  00000000  RWIX
  SCIA                  00007050   00000010  00000010  00000000  RWIX
  XINTRUPT              00007070   00000010  00000010  00000000  RWIX
  GPIOMUX               000070c0   00000020  00000020  00000000  RWIX
  GPIODAT               000070e0   00000020  00000020  00000000  RWIX
  ADC                   00007100   00000020  0000001a  00000006  RWIX
  EVA                   00007400   00000040  00000032  0000000e  RWIX
  EVB                   00007500   00000040  00000032  0000000e  RWIX
  SCIB                  00007750   00000010  00000010  00000000  RWIX
  MCBSPA                00007800   00000040  00000025  0000001b  RWIX
  CSM_PWL               003f7ff8   00000008  00000008  00000000  RWIX
  DRAMH0                003f9000   00001000  00000118  00000ee8  RWIX


SECTION ALLOCATION MAP

 output                                  attributes/
section   page    origin      length       input sections
--------  ----  ----------  ----------   ----------------
.pinit     0    003f8002    00000000     UNINITIALIZED

.text      0    003f8002    0000037c     
                  003f8002    0000014f     DSP281x_DefaultIsr.obj (.text:retain)
                  003f8151    0000008c     nowyylab4.obj (.text)
                  003f81dd    0000005a     rts2800_ml.lib : fs_mpy.obj (.text)
                  003f8237    00000049     DSP281x_CpuTimers.obj (.text)
                  003f8280    00000044     rts2800_ml.lib : boot.obj (.text)
                  003f82c4    00000029                    : fs_tol.obj (.text)
                  003f82ed    00000028     DSP281x_PieCtrl.obj (.text)
                  003f8315    00000020     DSP281x_PieVect.obj (.text)
                  003f8335    00000019     rts2800_ml.lib : args_main.obj (.text)
                  003f834e    00000019                    : exit.obj (.text)
                  003f8367    0000000e     nowyylab4.obj (.text:retain)
                  003f8375    00000009     rts2800_ml.lib : _lock.obj (.text)

.cinit     0    003f837e    00000016     
                  003f837e    0000000a     rts2800_ml.lib : _lock.obj (.cinit)
                  003f8388    0000000a                    : exit.obj (.cinit)
                  003f8392    00000002     --HOLE-- [fill = 0]

.reset     0    003fffc0    00000002     DSECT
                  003fffc0    00000002     rts2800_ml.lib : boot.obj (.reset)

.stack     1    00000400    00000400     UNINITIALIZED
                  00000400    00000400     --HOLE--

DevEmuRegsFile 
*          1    00000880    000000d2     UNINITIALIZED
                  00000880    000000d2     DSP281x_GlobalVariableDefs.obj (DevEmuRegsFile)

FlashRegsFile 
*          1    00000a80    00000008     UNINITIALIZED
                  00000a80    00000008     DSP281x_GlobalVariableDefs.obj (FlashRegsFile)

CsmRegsFile 
*          1    00000ae0    00000010     UNINITIALIZED
                  00000ae0    00000010     DSP281x_GlobalVariableDefs.obj (CsmRegsFile)

XintfRegsFile 
*          1    00000b20    00000020     UNINITIALIZED
                  00000b20    00000020     DSP281x_GlobalVariableDefs.obj (XintfRegsFile)

CpuTimer0RegsFile 
*          1    00000c00    00000008     UNINITIALIZED
                  00000c00    00000008     DSP281x_GlobalVariableDefs.obj (CpuTimer0RegsFile)

PieCtrlRegsFile 
*          1    00000ce0    0000001a     UNINITIALIZED
                  00000ce0    0000001a     DSP281x_GlobalVariableDefs.obj (PieCtrlRegsFile)

PieVectTableFile 
*          1    00000d00    00000100     UNINITIALIZED
                  00000d00    00000100     DSP281x_GlobalVariableDefs.obj (PieVectTableFile)

ECanaRegsFile 
*          1    00006000    00000034     UNINITIALIZED
                  00006000    00000034     DSP281x_GlobalVariableDefs.obj (ECanaRegsFile)

ECanaLAMRegsFile 
*          1    00006040    00000040     UNINITIALIZED
                  00006040    00000040     DSP281x_GlobalVariableDefs.obj (ECanaLAMRegsFile)

ECanaMOTSRegsFile 
*          1    00006080    00000040     UNINITIALIZED
                  00006080    00000040     DSP281x_GlobalVariableDefs.obj (ECanaMOTSRegsFile)

ECanaMOTORegsFile 
*          1    000060c0    00000040     UNINITIALIZED
                  000060c0    00000040     DSP281x_GlobalVariableDefs.obj (ECanaMOTORegsFile)

ECanaMboxesFile 
*          1    00006100    00000100     UNINITIALIZED
                  00006100    00000100     DSP281x_GlobalVariableDefs.obj (ECanaMboxesFile)

SysCtrlRegsFile 
*          1    00007010    00000020     UNINITIALIZED
                  00007010    00000020     DSP281x_GlobalVariableDefs.obj (SysCtrlRegsFile)

SpiaRegsFile 
*          1    00007040    00000010     UNINITIALIZED
                  00007040    00000010     DSP281x_GlobalVariableDefs.obj (SpiaRegsFile)

SciaRegsFile 
*          1    00007050    00000010     UNINITIALIZED
                  00007050    00000010     DSP281x_GlobalVariableDefs.obj (SciaRegsFile)

XIntruptRegsFile 
*          1    00007070    00000010     UNINITIALIZED
                  00007070    00000010     DSP281x_GlobalVariableDefs.obj (XIntruptRegsFile)

GpioMuxRegsFile 
*          1    000070c0    00000020     UNINITIALIZED
                  000070c0    00000020     DSP281x_GlobalVariableDefs.obj (GpioMuxRegsFile)

GpioDataRegsFile 
*          1    000070e0    00000020     UNINITIALIZED
                  000070e0    00000020     DSP281x_GlobalVariableDefs.obj (GpioDataRegsFile)

AdcRegsFile 
*          1    00007100    0000001a     UNINITIALIZED
                  00007100    0000001a     DSP281x_GlobalVariableDefs.obj (AdcRegsFile)

EvaRegsFile 
*          1    00007400    00000032     UNINITIALIZED
                  00007400    00000032     DSP281x_GlobalVariableDefs.obj (EvaRegsFile)

EvbRegsFile 
*          1    00007500    00000032     UNINITIALIZED
                  00007500    00000032     DSP281x_GlobalVariableDefs.obj (EvbRegsFile)

ScibRegsFile 
*          1    00007750    00000010     UNINITIALIZED
                  00007750    00000010     DSP281x_GlobalVariableDefs.obj (ScibRegsFile)

McbspaRegsFile 
*          1    00007800    00000025     UNINITIALIZED
                  00007800    00000025     DSP281x_GlobalVariableDefs.obj (McbspaRegsFile)

CsmPwlFile 
*          1    003f7ff8    00000008     UNINITIALIZED
                  003f7ff8    00000008     DSP281x_GlobalVariableDefs.obj (CsmPwlFile)

.econst    1    003f9000    00000108     
                  003f9000    00000100     DSP281x_PieVect.obj (.econst)
                  003f9100    00000008     nowyylab4.obj (.econst:_$P$T0$1)

.ebss      1    003f9108    00000010     UNINITIALIZED
                  003f9108    00000008     DSP281x_CpuTimers.obj (.ebss)
                  003f9110    00000004     rts2800_ml.lib : _lock.obj (.ebss)
                  003f9114    00000004                    : exit.obj (.ebss)


GLOBAL DATA SYMBOLS: SORTED BY DATA PAGE

address     data page           name
--------    ----------------    ----
00000400      10 (00000400)     __stack

00000880      22 (00000880)     _DevEmuRegs

00000a80      2a (00000a80)     _FlashRegs

00000ae0      2b (00000ac0)     _CsmRegs

00000b20      2c (00000b00)     _XintfRegs

00000c00      30 (00000c00)     _CpuTimer0Regs

00000ce0      33 (00000cc0)     _PieCtrlRegs

00000d00      34 (00000d00)     _PieVectTable

00006000     180 (00006000)     _ECanaRegs

00006040     181 (00006040)     _ECanaLAMRegs

00006080     182 (00006080)     _ECanaMOTSRegs

000060c0     183 (000060c0)     _ECanaMOTORegs

00006100     184 (00006100)     _ECanaMboxes

00007010     1c0 (00007000)     _SysCtrlRegs

00007040     1c1 (00007040)     _SpiaRegs
00007050     1c1 (00007040)     _SciaRegs
00007070     1c1 (00007040)     _XIntruptRegs

000070c0     1c3 (000070c0)     _GpioMuxRegs
000070e0     1c3 (000070c0)     _GpioDataRegs

00007100     1c4 (00007100)     _AdcRegs

00007400     1d0 (00007400)     _EvaRegs

00007500     1d4 (00007500)     _EvbRegs

00007750     1dd (00007740)     _ScibRegs

00007800     1e0 (00007800)     _McbspaRegs

003f7ff8    fdff (003f7fc0)     _CsmPwl

003f9000    fe40 (003f9000)     _PieVectTableInit

003f9108    fe44 (003f9100)     _CpuTimer0
003f9110    fe44 (003f9100)     __unlock
003f9112    fe44 (003f9100)     __lock
003f9114    fe44 (003f9100)     ___TI_cleanup_ptr
003f9116    fe44 (003f9100)     ___TI_dtors_ptr


GLOBAL SYMBOLS: SORTED ALPHABETICALLY BY Name 

address    name
--------   ----
003f8002   .text
003f834e   C$$EXIT
003f81dd   FS$$MPY
003f82c4   FS$$TOL
003f8075   _ADCINT_ISR
00007100   _AdcRegs
003f80bb   _CAPINT1_ISR
003f80c0   _CAPINT2_ISR
003f80c5   _CAPINT3_ISR
003f8101   _CAPINT4_ISR
003f8106   _CAPINT5_ISR
003f810b   _CAPINT6_ISR
003f8084   _CMP1INT_ISR
003f8089   _CMP2INT_ISR
003f808e   _CMP3INT_ISR
003f80ca   _CMP4INT_ISR
003f80cf   _CMP5INT_ISR
003f80d4   _CMP6INT_ISR
003f824c   _ConfigCpuTimer
003f9108   _CpuTimer0
00000c00   _CpuTimer0Regs
003f7ff8   _CsmPwl
00000ae0   _CsmRegs
003f800c   _DATALOG_ISR
00000880   _DevEmuRegs
003f8138   _ECAN0INTA_ISR
003f813d   _ECAN1INTA_ISR
00006040   _ECanaLAMRegs
000060c0   _ECanaMOTORegs
00006080   _ECanaMOTSRegs
00006100   _ECanaMboxes
00006000   _ECanaRegs
003f8142   _EMPTY_ISR
003f8016   _EMUINT_ISR
003f830c   _EnableInterrupts
00007400   _EvaRegs
00007500   _EvbRegs
00000a80   _FlashRegs
000070e0   _GpioDataRegs
000070c0   _GpioMuxRegs
003f81a5   _Gpio_select
003f8020   _ILLEGAL_ISR
003f8002   _INT13_ISR
003f8007   _INT14_ISR
003f8237   _InitCpuTimers
003f82ed   _InitPieCtrl
003f8315   _InitPieVectTable
003f81bc   _InitSystem
003f811a   _MRINTA_ISR
003f811f   _MXINTA_ISR
00007800   _McbspaRegs
003f801b   _NMI_ISR
003f8061   _PDPINTA_ISR
003f8066   _PDPINTB_ISR
003f8147   _PIE_RESERVED
00000ce0   _PieCtrlRegs
00000d00   _PieVectTable
003f9000   _PieVectTableInit
003f8011   _RTOSINT_ISR
003f8124   _SCIRXINTA_ISR
003f812e   _SCIRXINTB_ISR
003f8129   _SCITXINTA_ISR
003f8133   _SCITXINTB_ISR
003f8110   _SPIRXINTA_ISR
003f8115   _SPITXINTA_ISR
00007050   _SciaRegs
00007750   _ScibRegs
00007040   _SpiaRegs
00007010   _SysCtrlRegs
003f8098   _T1CINT_ISR
003f80a2   _T1OFINT_ISR
003f8093   _T1PINT_ISR
003f809d   _T1UFINT_ISR
003f80ac   _T2CINT_ISR
003f80b6   _T2OFINT_ISR
003f80a7   _T2PINT_ISR
003f80b1   _T2UFINT_ISR
003f80de   _T3CINT_ISR
003f80e8   _T3OFINT_ISR
003f80d9   _T3PINT_ISR
003f80e3   _T3UFINT_ISR
003f80f2   _T4CINT_ISR
003f80fc   _T4OFINT_ISR
003f80ed   _T4PINT_ISR
003f80f7   _T4UFINT_ISR
003f807a   _TINT0_ISR
003f8052   _USER10_ISR
003f8057   _USER11_ISR
003f805c   _USER12_ISR
003f8025   _USER1_ISR
003f802a   _USER2_ISR
003f802f   _USER3_ISR
003f8034   _USER4_ISR
003f8039   _USER5_ISR
003f803e   _USER6_ISR
003f8043   _USER7_ISR
003f8048   _USER8_ISR
003f804d   _USER9_ISR
003f807f   _WAKEINT_ISR
003f806b   _XINT1_ISR
003f8070   _XINT2_ISR
00007070   _XIntruptRegs
00000b20   _XintfRegs
00000800   __STACK_END
00000400   __STACK_SIZE
00000001   __TI_args_main
003f9114   ___TI_cleanup_ptr
003f9116   ___TI_dtors_ptr
ffffffff   ___binit__
ffffffff   ___c_args__
003f837e   ___cinit__
003f837e   ___etext__
ffffffff   ___pinit__
003f8002   ___text__
003f8335   __args_main
003f9112   __lock
003f837d   __nop
003f8379   __register_lock
003f8375   __register_unlock
00000400   __stack
003f9110   __unlock
003f834e   _abort
003f8280   _c_int00
003f8367   _cpu_timer0_isr
003f8350   _exit
003f8151   _main
003f814c   _rsvd_ISR
ffffffff   binit
003f837e   cinit
003f837e   etext
ffffffff   pinit


GLOBAL SYMBOLS: SORTED BY Symbol Address 

address    name
--------   ----
00000001   __TI_args_main
00000400   __STACK_SIZE
00000400   __stack
00000800   __STACK_END
00000880   _DevEmuRegs
00000a80   _FlashRegs
00000ae0   _CsmRegs
00000b20   _XintfRegs
00000c00   _CpuTimer0Regs
00000ce0   _PieCtrlRegs
00000d00   _PieVectTable
00006000   _ECanaRegs
00006040   _ECanaLAMRegs
00006080   _ECanaMOTSRegs
000060c0   _ECanaMOTORegs
00006100   _ECanaMboxes
00007010   _SysCtrlRegs
00007040   _SpiaRegs
00007050   _SciaRegs
00007070   _XIntruptRegs
000070c0   _GpioMuxRegs
000070e0   _GpioDataRegs
00007100   _AdcRegs
00007400   _EvaRegs
00007500   _EvbRegs
00007750   _ScibRegs
00007800   _McbspaRegs
003f7ff8   _CsmPwl
003f8002   .text
003f8002   _INT13_ISR
003f8002   ___text__
003f8007   _INT14_ISR
003f800c   _DATALOG_ISR
003f8011   _RTOSINT_ISR
003f8016   _EMUINT_ISR
003f801b   _NMI_ISR
003f8020   _ILLEGAL_ISR
003f8025   _USER1_ISR
003f802a   _USER2_ISR
003f802f   _USER3_ISR
003f8034   _USER4_ISR
003f8039   _USER5_ISR
003f803e   _USER6_ISR
003f8043   _USER7_ISR
003f8048   _USER8_ISR
003f804d   _USER9_ISR
003f8052   _USER10_ISR
003f8057   _USER11_ISR
003f805c   _USER12_ISR
003f8061   _PDPINTA_ISR
003f8066   _PDPINTB_ISR
003f806b   _XINT1_ISR
003f8070   _XINT2_ISR
003f8075   _ADCINT_ISR
003f807a   _TINT0_ISR
003f807f   _WAKEINT_ISR
003f8084   _CMP1INT_ISR
003f8089   _CMP2INT_ISR
003f808e   _CMP3INT_ISR
003f8093   _T1PINT_ISR
003f8098   _T1CINT_ISR
003f809d   _T1UFINT_ISR
003f80a2   _T1OFINT_ISR
003f80a7   _T2PINT_ISR
003f80ac   _T2CINT_ISR
003f80b1   _T2UFINT_ISR
003f80b6   _T2OFINT_ISR
003f80bb   _CAPINT1_ISR
003f80c0   _CAPINT2_ISR
003f80c5   _CAPINT3_ISR
003f80ca   _CMP4INT_ISR
003f80cf   _CMP5INT_ISR
003f80d4   _CMP6INT_ISR
003f80d9   _T3PINT_ISR
003f80de   _T3CINT_ISR
003f80e3   _T3UFINT_ISR
003f80e8   _T3OFINT_ISR
003f80ed   _T4PINT_ISR
003f80f2   _T4CINT_ISR
003f80f7   _T4UFINT_ISR
003f80fc   _T4OFINT_ISR
003f8101   _CAPINT4_ISR
003f8106   _CAPINT5_ISR
003f810b   _CAPINT6_ISR
003f8110   _SPIRXINTA_ISR
003f8115   _SPITXINTA_ISR
003f811a   _MRINTA_ISR
003f811f   _MXINTA_ISR
003f8124   _SCIRXINTA_ISR
003f8129   _SCITXINTA_ISR
003f812e   _SCIRXINTB_ISR
003f8133   _SCITXINTB_ISR
003f8138   _ECAN0INTA_ISR
003f813d   _ECAN1INTA_ISR
003f8142   _EMPTY_ISR
003f8147   _PIE_RESERVED
003f814c   _rsvd_ISR
003f8151   _main
003f81a5   _Gpio_select
003f81bc   _InitSystem
003f81dd   FS$$MPY
003f8237   _InitCpuTimers
003f824c   _ConfigCpuTimer
003f8280   _c_int00
003f82c4   FS$$TOL
003f82ed   _InitPieCtrl
003f830c   _EnableInterrupts
003f8315   _InitPieVectTable
003f8335   __args_main
003f834e   C$$EXIT
003f834e   _abort
003f8350   _exit
003f8367   _cpu_timer0_isr
003f8375   __register_unlock
003f8379   __register_lock
003f837d   __nop
003f837e   ___cinit__
003f837e   ___etext__
003f837e   cinit
003f837e   etext
003f9000   _PieVectTableInit
003f9108   _CpuTimer0
003f9110   __unlock
003f9112   __lock
003f9114   ___TI_cleanup_ptr
003f9116   ___TI_dtors_ptr
ffffffff   ___binit__
ffffffff   ___c_args__
ffffffff   ___pinit__
ffffffff   binit
ffffffff   pinit

[131 symbols]
